----
-- Regression test to Global Temporary Table implementation
--
-- Test on search_path forced by the extension
--
----
DROP EXTENSION pgtt;
SHOW search_path ;
         search_path          
------------------------------
 "$user", public, pgtt_schema
(1 row)

create schema first_schema;
create schema second_schema;
SET search_path TO "$user",public,pg_catalog,fisrt_schema,second_schema;
SHOW search_path ;
                              search_path                              
-----------------------------------------------------------------------
 "$user", public, pg_catalog, fisrt_schema, second_schema, pgtt_schema
(1 row)

CREATE EXTENSION pgtt;
SHOW search_path ;
                              search_path                              
-----------------------------------------------------------------------
 "$user", public, pg_catalog, fisrt_schema, second_schema, pgtt_schema
(1 row)

SET search_path TO pg_catalog;
SHOW search_path ;
       search_path       
-------------------------
 pg_catalog, pgtt_schema
(1 row)

SET search_path TO public;
SHOW search_path ;
     search_path     
---------------------
 public, pgtt_schema
(1 row)

-- Test only pg_catalog in search_path.
DROP EXTENSION pgtt;
\c - -
SHOW search_path;
   search_path   
-----------------
 "$user", public
(1 row)

SET search_path TO pg_catalog;
SHOW search_path;
 search_path 
-------------
 pg_catalog
(1 row)

CREATE EXTENSION pgtt;
SHOW search_path;
       search_path        
--------------------------
  pgtt_schema, pg_catalog
(1 row)

-- Test the pg_catalog at end of search_path.
DROP EXTENSION pgtt;
\c - -
SET search_path TO "$user", public, pg_catalog;
SHOW search_path;
         search_path         
-----------------------------
 "$user", public, pg_catalog
(1 row)

CREATE EXTENSION pgtt;
SHOW search_path;
               search_path                
------------------------------------------
 "$user", public, pgtt_schema, pg_catalog
(1 row)

